Ambiente virtual já existe em .venv
Requirement already satisfied: pip in ./.venv/lib/python3.11/site-packages (25.2)
Requirement already satisfied: polars in ./.venv/lib/python3.11/site-packages (1.33.1)
Requirement already satisfied: pyspark in ./.venv/lib/python3.11/site-packages (from -r requirements.txt (line 2)) (4.0.1)
Requirement already satisfied: findspark in ./.venv/lib/python3.11/site-packages (from -r requirements.txt (line 3)) (2.0.1)
Requirement already satisfied: dask[complete] in ./.venv/lib/python3.11/site-packages (from -r requirements.txt (line 1)) (2025.7.0)
Requirement already satisfied: click>=8.1 in ./.venv/lib/python3.11/site-packages (from dask[complete]->-r requirements.txt (line 1)) (8.2.1)
Requirement already satisfied: cloudpickle>=3.0.0 in ./.venv/lib/python3.11/site-packages (from dask[complete]->-r requirements.txt (line 1)) (3.1.1)
Requirement already satisfied: fsspec>=2021.09.0 in ./.venv/lib/python3.11/site-packages (from dask[complete]->-r requirements.txt (line 1)) (2025.9.0)
Requirement already satisfied: packaging>=20.0 in ./.venv/lib/python3.11/site-packages (from dask[complete]->-r requirements.txt (line 1)) (25.0)
Requirement already satisfied: partd>=1.4.0 in ./.venv/lib/python3.11/site-packages (from dask[complete]->-r requirements.txt (line 1)) (1.4.2)
Requirement already satisfied: pyyaml>=5.3.1 in ./.venv/lib/python3.11/site-packages (from dask[complete]->-r requirements.txt (line 1)) (6.0.2)
Requirement already satisfied: toolz>=0.10.0 in ./.venv/lib/python3.11/site-packages (from dask[complete]->-r requirements.txt (line 1)) (1.0.0)
Requirement already satisfied: importlib_metadata>=4.13.0 in ./.venv/lib/python3.11/site-packages (from dask[complete]->-r requirements.txt (line 1)) (8.7.0)
Requirement already satisfied: pyarrow>=14.0.1 in ./.venv/lib/python3.11/site-packages (from dask[complete]->-r requirements.txt (line 1)) (21.0.0)
Requirement already satisfied: lz4>=4.3.2 in ./.venv/lib/python3.11/site-packages (from dask[complete]->-r requirements.txt (line 1)) (4.4.4)
Requirement already satisfied: py4j==0.10.9.9 in ./.venv/lib/python3.11/site-packages (from pyspark->-r requirements.txt (line 2)) (0.10.9.9)
Requirement already satisfied: zipp>=3.20 in ./.venv/lib/python3.11/site-packages (from importlib_metadata>=4.13.0->dask[complete]->-r requirements.txt (line 1)) (3.23.0)
Requirement already satisfied: locket in ./.venv/lib/python3.11/site-packages (from partd>=1.4.0->dask[complete]->-r requirements.txt (line 1)) (1.0.0)
Requirement already satisfied: numpy>=1.24 in ./.venv/lib/python3.11/site-packages (from dask[complete]->-r requirements.txt (line 1)) (2.3.3)
Requirement already satisfied: pandas>=2.0 in ./.venv/lib/python3.11/site-packages (from dask[complete]->-r requirements.txt (line 1)) (2.3.2)
Requirement already satisfied: distributed==2025.7.0 in ./.venv/lib/python3.11/site-packages (from dask[complete]->-r requirements.txt (line 1)) (2025.7.0)
Requirement already satisfied: bokeh>=3.1.0 in ./.venv/lib/python3.11/site-packages (from dask[complete]->-r requirements.txt (line 1)) (3.8.0)
Requirement already satisfied: jinja2>=2.10.3 in ./.venv/lib/python3.11/site-packages (from dask[complete]->-r requirements.txt (line 1)) (3.1.6)
Requirement already satisfied: msgpack>=1.0.2 in ./.venv/lib/python3.11/site-packages (from distributed==2025.7.0->dask[complete]->-r requirements.txt (line 1)) (1.1.1)
Requirement already satisfied: psutil>=5.8.0 in ./.venv/lib/python3.11/site-packages (from distributed==2025.7.0->dask[complete]->-r requirements.txt (line 1)) (7.0.0)
Requirement already satisfied: sortedcontainers>=2.0.5 in ./.venv/lib/python3.11/site-packages (from distributed==2025.7.0->dask[complete]->-r requirements.txt (line 1)) (2.4.0)
Requirement already satisfied: tblib>=1.6.0 in ./.venv/lib/python3.11/site-packages (from distributed==2025.7.0->dask[complete]->-r requirements.txt (line 1)) (3.1.0)
Requirement already satisfied: tornado>=6.2.0 in ./.venv/lib/python3.11/site-packages (from distributed==2025.7.0->dask[complete]->-r requirements.txt (line 1)) (6.5.2)
Requirement already satisfied: urllib3>=1.26.5 in ./.venv/lib/python3.11/site-packages (from distributed==2025.7.0->dask[complete]->-r requirements.txt (line 1)) (2.5.0)
Requirement already satisfied: zict>=3.0.0 in ./.venv/lib/python3.11/site-packages (from distributed==2025.7.0->dask[complete]->-r requirements.txt (line 1)) (3.0.0)
Requirement already satisfied: contourpy>=1.2 in ./.venv/lib/python3.11/site-packages (from bokeh>=3.1.0->dask[complete]->-r requirements.txt (line 1)) (1.3.3)
Requirement already satisfied: narwhals>=1.13 in ./.venv/lib/python3.11/site-packages (from bokeh>=3.1.0->dask[complete]->-r requirements.txt (line 1)) (2.4.0)
Requirement already satisfied: pillow>=7.1.0 in ./.venv/lib/python3.11/site-packages (from bokeh>=3.1.0->dask[complete]->-r requirements.txt (line 1)) (11.3.0)
Requirement already satisfied: xyzservices>=2021.09.1 in ./.venv/lib/python3.11/site-packages (from bokeh>=3.1.0->dask[complete]->-r requirements.txt (line 1)) (2025.4.0)
Requirement already satisfied: MarkupSafe>=2.0 in ./.venv/lib/python3.11/site-packages (from jinja2>=2.10.3->dask[complete]->-r requirements.txt (line 1)) (3.0.2)
Requirement already satisfied: python-dateutil>=2.8.2 in ./.venv/lib/python3.11/site-packages (from pandas>=2.0->dask[complete]->-r requirements.txt (line 1)) (2.9.0.post0)
Requirement already satisfied: pytz>=2020.1 in ./.venv/lib/python3.11/site-packages (from pandas>=2.0->dask[complete]->-r requirements.txt (line 1)) (2025.2)
Requirement already satisfied: tzdata>=2022.7 in ./.venv/lib/python3.11/site-packages (from pandas>=2.0->dask[complete]->-r requirements.txt (line 1)) (2025.2)
Requirement already satisfied: six>=1.5 in ./.venv/lib/python3.11/site-packages (from python-dateutil>=2.8.2->pandas>=2.0->dask[complete]->-r requirements.txt (line 1)) (1.17.0)
Modin rodando em 1 núcleos
