Traceback (most recent call last):
  File "<frozen runpy>", line 198, in _run_module_as_main
  File "<frozen runpy>", line 88, in _run_code
  File "/home/users/grbcirillo/tpch3_0_1/queries/lib_polars.py", line 721, in <module>
    result1 = query_01(dataset_path, SCALE)
              ^^^^^^^^^^^^^^^^^^^^^^^^^^^^^
  File "/home/users/grbcirillo/tpch3_0_1/queries/lib_polars.py", line 22, in query_01
    .agg(
     ^^^^
  File "/home/users/grbcirillo/tpch3_0_1/.venv/lib/python3.11/site-packages/polars/dataframe/group_by.py", line 241, in agg
    .collect(optimizations=QueryOptFlags.none())
     ^^^^^^^^^^^^^^^^^^^^^^^^^^^^^^^^^^^^^^^^^^^
  File "/home/users/grbcirillo/tpch3_0_1/.venv/lib/python3.11/site-packages/polars/_utils/deprecation.py", line 97, in wrapper
    return function(*args, **kwargs)
           ^^^^^^^^^^^^^^^^^^^^^^^^^
  File "/home/users/grbcirillo/tpch3_0_1/.venv/lib/python3.11/site-packages/polars/lazyframe/opt_flags.py", line 330, in wrapper
    return function(*args, **kwargs)
           ^^^^^^^^^^^^^^^^^^^^^^^^^
  File "/home/users/grbcirillo/tpch3_0_1/.venv/lib/python3.11/site-packages/polars/lazyframe/frame.py", line 2407, in collect
    return wrap_df(ldf.collect(engine, callback))
                   ^^^^^^^^^^^^^^^^^^^^^^^^^^^^^
polars.exceptions.ColumnNotFoundError: unable to find column "zl_linestatus"; valid columns: ["l_orderkey", "l_partkey", "l_suppkey", "l_linenumber", "l_quantity", "l_extendedprice", "l_discount", "l_tax", "l_returnflag", "l_linestatus", "l_shipdate", "l_commitdate", "l_receiptdate", "l_shipinstruct", "l_shipmode", "comments", "disc_price", "charge"]

Resolved plan until failure:

	---> FAILED HERE RESOLVING 'sink' <---
DF ["l_orderkey", "l_partkey", "l_suppkey", "l_linenumber", ...]; PROJECT */18 COLUMNS
Traceback (most recent call last):
  File "<frozen runpy>", line 198, in _run_module_as_main
  File "<frozen runpy>", line 88, in _run_code
  File "/home/users/grbcirillo/tpch3_0_1/queries/lib_pyspark.py", line 23, in <module>
    .getOrCreate()
     ^^^^^^^^^^^^^
  File "/home/users/grbcirillo/tpch3_0_1/.venv/lib/python3.11/site-packages/pyspark/sql/session.py", line 556, in getOrCreate
    sc = SparkContext.getOrCreate(sparkConf)
         ^^^^^^^^^^^^^^^^^^^^^^^^^^^^^^^^^^^
  File "/home/users/grbcirillo/tpch3_0_1/.venv/lib/python3.11/site-packages/pyspark/core/context.py", line 523, in getOrCreate
    SparkContext(conf=conf or SparkConf())
  File "/home/users/grbcirillo/tpch3_0_1/.venv/lib/python3.11/site-packages/pyspark/core/context.py", line 205, in __init__
    SparkContext._ensure_initialized(self, gateway=gateway, conf=conf)
  File "/home/users/grbcirillo/tpch3_0_1/.venv/lib/python3.11/site-packages/pyspark/core/context.py", line 444, in _ensure_initialized
    SparkContext._gateway = gateway or launch_gateway(conf)
                                       ^^^^^^^^^^^^^^^^^^^^
  File "/home/users/grbcirillo/tpch3_0_1/.venv/lib/python3.11/site-packages/pyspark/java_gateway.py", line 101, in launch_gateway
    proc = Popen(command, **popen_kwargs)
           ^^^^^^^^^^^^^^^^^^^^^^^^^^^^^^
  File "/usr/lib/python3.11/subprocess.py", line 1024, in __init__
    self._execute_child(args, executable, preexec_fn, close_fds,
  File "/usr/lib/python3.11/subprocess.py", line 1901, in _execute_child
    raise child_exception_type(errno_num, err_msg, err_filename)
FileNotFoundError: [Errno 2] No such file or directory: 'None/spark-4.0.1-bin-hadoop3/./bin/spark-submit'
