Switched to branch 'docker_config'
time="2025-10-06T22:13:41-03:00" level=warning msg="/home/users/grbcirillo/tpch3_0_1/docker-compose.yml: the attribute `version` is obsolete, it will be ignored, please remove it to avoid potential confusion"
 cadvisor Pulling 
 619be1103602 Pulling fs layer 
 3b8469b194b8 Pulling fs layer 
 6361eeb1639c Pulling fs layer 
 4f4fb700ef54 Pulling fs layer 
 902eccca70f3 Pulling fs layer 
 4f4fb700ef54 Waiting 
 902eccca70f3 Waiting 
 619be1103602 Downloading [>                                                  ]  34.77kB/3.403MB
 619be1103602 Downloading [=>                                                 ]    103kB/3.403MB
 619be1103602 Downloading [====>                                              ]  273.9kB/3.403MB
 619be1103602 Downloading [==========>                                        ]  720.2kB/3.403MB
 619be1103602 Downloading [============================>                      ]  1.916MB/3.403MB
 619be1103602 Verifying Checksum 
 619be1103602 Download complete 
 619be1103602 Extracting [>                                                  ]  65.54kB/3.403MB
 619be1103602 Extracting [==================================================>]  3.403MB/3.403MB
 619be1103602 Extracting [==================================================>]  3.403MB/3.403MB
 619be1103602 Pull complete 
 3b8469b194b8 Downloading [>                                                  ]  64.77kB/6.37MB
 4f4fb700ef54 Downloading [==================================================>]      32B/32B
 4f4fb700ef54 Verifying Checksum 
 4f4fb700ef54 Download complete 
 3b8469b194b8 Downloading [=>                                                 ]  193.2kB/6.37MB
 6361eeb1639c Downloading [>                                                  ]  21.14kB/2.062MB
 3b8469b194b8 Downloading [====>                                              ]  514.1kB/6.37MB
 6361eeb1639c Downloading [==>                                                ]  86.66kB/2.062MB
 3b8469b194b8 Downloading [==========>                                        ]  1.293MB/6.37MB
 6361eeb1639c Downloading [=====>                                             ]    237kB/2.062MB
 3b8469b194b8 Downloading [==========================>                        ]  3.325MB/6.37MB
 6361eeb1639c Downloading [===============>                                   ]  623.1kB/2.062MB
 3b8469b194b8 Verifying Checksum 
 3b8469b194b8 Download complete 
 3b8469b194b8 Extracting [>                                                  ]  65.54kB/6.37MB
 6361eeb1639c Downloading [========================================>          ]   1.67MB/2.062MB
 6361eeb1639c Downloading [==================================================>]  2.062MB/2.062MB
 6361eeb1639c Verifying Checksum 
 6361eeb1639c Download complete 
 3b8469b194b8 Extracting [====================================>              ]  4.653MB/6.37MB
 3b8469b194b8 Extracting [==================================================>]   6.37MB/6.37MB
 3b8469b194b8 Pull complete 
 6361eeb1639c Extracting [>                                                  ]  32.77kB/2.062MB
 6361eeb1639c Extracting [==================================================>]  2.062MB/2.062MB
 6361eeb1639c Extracting [==================================================>]  2.062MB/2.062MB
 6361eeb1639c Pull complete 
 4f4fb700ef54 Extracting [==================================================>]      32B/32B
 4f4fb700ef54 Extracting [==================================================>]      32B/32B
 4f4fb700ef54 Pull complete 
 902eccca70f3 Downloading [>                                                  ]  209.8kB/20.96MB
 902eccca70f3 Downloading [=>                                                 ]  630.2kB/20.96MB
 902eccca70f3 Downloading [====>                                              ]    1.9MB/20.96MB
 902eccca70f3 Downloading [=============>                                     ]  5.521MB/20.96MB
 902eccca70f3 Downloading [================>                                  ]  7.023MB/20.96MB
 902eccca70f3 Downloading [================================>                  ]  13.42MB/20.96MB
 902eccca70f3 Downloading [=====================================>             ]  15.55MB/20.96MB
 902eccca70f3 Verifying Checksum 
 902eccca70f3 Download complete 
 902eccca70f3 Extracting [>                                                  ]  229.4kB/20.96MB
 902eccca70f3 Extracting [============>                                      ]  5.276MB/20.96MB
 902eccca70f3 Extracting [=====================>                             ]  9.175MB/20.96MB
 902eccca70f3 Extracting [======================================>            ]  16.06MB/20.96MB
 902eccca70f3 Extracting [==================================================>]  20.96MB/20.96MB
 902eccca70f3 Pull complete 
 cadvisor Pulled 
dockerfile:15

--------------------

  13 |     RUN chmod +x run.sh

  14 |     

  15 | >>> RUN ./run.sh

  16 |     

  17 |     # Atualizar pip e instalar dependências

--------------------

failed to solve: process "/bin/sh -c ./run.sh" did not complete successfully: exit code: 1

