Ambiente virtual já existe em .venv
Requirement already satisfied: pip in ./.venv/lib/python3.11/site-packages (25.2)
Requirement already satisfied: polars in ./.venv/lib/python3.11/site-packages (1.33.1)
Collecting pyspark (from -r requirements.txt (line 2))
  Downloading pyspark-4.0.1.tar.gz (434.2 MB)
     ━━━━━━━━━━━━━━━━━━━━━━━━━━━━━━━━━━━━━━━━ 434.2/434.2 MB 37.6 MB/s  0:00:08
  Installing build dependencies: started
  Installing build dependencies: finished with status 'done'
  Getting requirements to build wheel: started
  Getting requirements to build wheel: finished with status 'done'
  Preparing metadata (pyproject.toml): started
  Preparing metadata (pyproject.toml): finished with status 'done'
Collecting findspark (from -r requirements.txt (line 3))
  Downloading findspark-2.0.1-py2.py3-none-any.whl.metadata (352 bytes)
Requirement already satisfied: dask[complete] in ./.venv/lib/python3.11/site-packages (from -r requirements.txt (line 1)) (2025.7.0)
Requirement already satisfied: click>=8.1 in ./.venv/lib/python3.11/site-packages (from dask[complete]->-r requirements.txt (line 1)) (8.2.1)
Requirement already satisfied: cloudpickle>=3.0.0 in ./.venv/lib/python3.11/site-packages (from dask[complete]->-r requirements.txt (line 1)) (3.1.1)
Requirement already satisfied: fsspec>=2021.09.0 in ./.venv/lib/python3.11/site-packages (from dask[complete]->-r requirements.txt (line 1)) (2025.9.0)
Requirement already satisfied: packaging>=20.0 in ./.venv/lib/python3.11/site-packages (from dask[complete]->-r requirements.txt (line 1)) (25.0)
Requirement already satisfied: partd>=1.4.0 in ./.venv/lib/python3.11/site-packages (from dask[complete]->-r requirements.txt (line 1)) (1.4.2)
Requirement already satisfied: pyyaml>=5.3.1 in ./.venv/lib/python3.11/site-packages (from dask[complete]->-r requirements.txt (line 1)) (6.0.2)
Requirement already satisfied: toolz>=0.10.0 in ./.venv/lib/python3.11/site-packages (from dask[complete]->-r requirements.txt (line 1)) (1.0.0)
Requirement already satisfied: importlib_metadata>=4.13.0 in ./.venv/lib/python3.11/site-packages (from dask[complete]->-r requirements.txt (line 1)) (8.7.0)
Requirement already satisfied: pyarrow>=14.0.1 in ./.venv/lib/python3.11/site-packages (from dask[complete]->-r requirements.txt (line 1)) (21.0.0)
Requirement already satisfied: lz4>=4.3.2 in ./.venv/lib/python3.11/site-packages (from dask[complete]->-r requirements.txt (line 1)) (4.4.4)
Collecting py4j==0.10.9.9 (from pyspark->-r requirements.txt (line 2))
  Downloading py4j-0.10.9.9-py2.py3-none-any.whl.metadata (1.3 kB)
Requirement already satisfied: zipp>=3.20 in ./.venv/lib/python3.11/site-packages (from importlib_metadata>=4.13.0->dask[complete]->-r requirements.txt (line 1)) (3.23.0)
Requirement already satisfied: locket in ./.venv/lib/python3.11/site-packages (from partd>=1.4.0->dask[complete]->-r requirements.txt (line 1)) (1.0.0)
Requirement already satisfied: numpy>=1.24 in ./.venv/lib/python3.11/site-packages (from dask[complete]->-r requirements.txt (line 1)) (2.3.3)
Requirement already satisfied: pandas>=2.0 in ./.venv/lib/python3.11/site-packages (from dask[complete]->-r requirements.txt (line 1)) (2.3.2)
Requirement already satisfied: distributed==2025.7.0 in ./.venv/lib/python3.11/site-packages (from dask[complete]->-r requirements.txt (line 1)) (2025.7.0)
Requirement already satisfied: bokeh>=3.1.0 in ./.venv/lib/python3.11/site-packages (from dask[complete]->-r requirements.txt (line 1)) (3.8.0)
Requirement already satisfied: jinja2>=2.10.3 in ./.venv/lib/python3.11/site-packages (from dask[complete]->-r requirements.txt (line 1)) (3.1.6)
Requirement already satisfied: msgpack>=1.0.2 in ./.venv/lib/python3.11/site-packages (from distributed==2025.7.0->dask[complete]->-r requirements.txt (line 1)) (1.1.1)
Requirement already satisfied: psutil>=5.8.0 in ./.venv/lib/python3.11/site-packages (from distributed==2025.7.0->dask[complete]->-r requirements.txt (line 1)) (7.0.0)
Requirement already satisfied: sortedcontainers>=2.0.5 in ./.venv/lib/python3.11/site-packages (from distributed==2025.7.0->dask[complete]->-r requirements.txt (line 1)) (2.4.0)
Requirement already satisfied: tblib>=1.6.0 in ./.venv/lib/python3.11/site-packages (from distributed==2025.7.0->dask[complete]->-r requirements.txt (line 1)) (3.1.0)
Requirement already satisfied: tornado>=6.2.0 in ./.venv/lib/python3.11/site-packages (from distributed==2025.7.0->dask[complete]->-r requirements.txt (line 1)) (6.5.2)
Requirement already satisfied: urllib3>=1.26.5 in ./.venv/lib/python3.11/site-packages (from distributed==2025.7.0->dask[complete]->-r requirements.txt (line 1)) (2.5.0)
Requirement already satisfied: zict>=3.0.0 in ./.venv/lib/python3.11/site-packages (from distributed==2025.7.0->dask[complete]->-r requirements.txt (line 1)) (3.0.0)
Requirement already satisfied: contourpy>=1.2 in ./.venv/lib/python3.11/site-packages (from bokeh>=3.1.0->dask[complete]->-r requirements.txt (line 1)) (1.3.3)
Requirement already satisfied: narwhals>=1.13 in ./.venv/lib/python3.11/site-packages (from bokeh>=3.1.0->dask[complete]->-r requirements.txt (line 1)) (2.4.0)
Requirement already satisfied: pillow>=7.1.0 in ./.venv/lib/python3.11/site-packages (from bokeh>=3.1.0->dask[complete]->-r requirements.txt (line 1)) (11.3.0)
Requirement already satisfied: xyzservices>=2021.09.1 in ./.venv/lib/python3.11/site-packages (from bokeh>=3.1.0->dask[complete]->-r requirements.txt (line 1)) (2025.4.0)
Requirement already satisfied: MarkupSafe>=2.0 in ./.venv/lib/python3.11/site-packages (from jinja2>=2.10.3->dask[complete]->-r requirements.txt (line 1)) (3.0.2)
Requirement already satisfied: python-dateutil>=2.8.2 in ./.venv/lib/python3.11/site-packages (from pandas>=2.0->dask[complete]->-r requirements.txt (line 1)) (2.9.0.post0)
Requirement already satisfied: pytz>=2020.1 in ./.venv/lib/python3.11/site-packages (from pandas>=2.0->dask[complete]->-r requirements.txt (line 1)) (2025.2)
Requirement already satisfied: tzdata>=2022.7 in ./.venv/lib/python3.11/site-packages (from pandas>=2.0->dask[complete]->-r requirements.txt (line 1)) (2025.2)
Requirement already satisfied: six>=1.5 in ./.venv/lib/python3.11/site-packages (from python-dateutil>=2.8.2->pandas>=2.0->dask[complete]->-r requirements.txt (line 1)) (1.17.0)
Downloading py4j-0.10.9.9-py2.py3-none-any.whl (203 kB)
Downloading findspark-2.0.1-py2.py3-none-any.whl (4.4 kB)
Building wheels for collected packages: pyspark
  Building wheel for pyspark (pyproject.toml): started
  Building wheel for pyspark (pyproject.toml): finished with status 'done'
  Created wheel for pyspark: filename=pyspark-4.0.1-py2.py3-none-any.whl size=434813860 sha256=192dfa958dac7f62847001f219bdf7df4eb5c3ce59fd12ba66eb2d6fe2f23f10
  Stored in directory: /home/users/grbcirillo/.cache/pip/wheels/76/f8/dc/9195b82b8586561710077d42370ae400e8a023af43052d1fec
Successfully built pyspark
Installing collected packages: py4j, findspark, pyspark

Successfully installed findspark-2.0.1 py4j-0.10.9.9 pyspark-4.0.1
Dask rodando em 1 núcleos
Pandas rodando em 1 núcleos
Modin rodando em 1 núcleos
Polars rodando em 1 núcleos
PySpark rodando em 1 núcleos
Finalzidado
